INFO:root:Checking files: atom.xml exists=True, feed.json exists=True
INFO:root:Fetching https://www.dicio.com.br/palavra-do-dia/ - Status Code: 200
INFO:root:Response length: 203859 characters
INFO:root:HTML parsed, length: 179464 characters
INFO:root:Found 3 titles: ['Palavra de Hoje (10/10/2026)', 'Palavra de Ontem (09/10/2026)', 'Palavra de Anteontem (08/10/2026)']
INFO:root:Found 3 URLs: ['/hostil/', '/amalgama/', '/sorrir/']
INFO:root:Found 17 descriptions: ['adjetivo Capaz de hostilizar alguém demonstrando h', 'Sinônimos:\n\nagressivo, invasivo, ofensivo, adverso', 'Antônimos:\n\nfavorável, simpatizante, afável, genti']
INFO:root:Found 3 dates: ['Palavra de Hoje (10/10/2026)', 'Palavra de Ontem (09/10/2026)', 'Palavra de Anteontem (08/10/2026)']
INFO:root:Min length for iteration: 3
INFO:root:Processing entry 1: Title='Palavra de Hoje (10/10/2026)', ID=bc23417efd139c0fa1de16b5271961b4
INFO:root:Processing entry 2: Title='Palavra de Ontem (09/10/2026)', ID=5fd0cde02d8f1c38b403043c3bf86228
INFO:root:Processing entry 3: Title='Palavra de Anteontem (08/10/2026)', ID=8f3e68c74667ae894dd0b4e375529f9c
INFO:root:Processed 3 entries in FeedGenerator, 3 entries in output_data
INFO:root:Updated 'feeds/palavra_do_dia/atom.xml' with 3 entries.
INFO:root:Updated 'feeds/palavra_do_dia/feed.json' with 3 entries.
INFO:root:
📌 Last 3 entries:
INFO:root:🔹 Title: Palavra de Hoje (10/10/2026) - Significado completo de hostil:
INFO:root:🔹 URL: https://www.dicio.com.br/hostil/
INFO:root:🔹 Description: adjetivo Capaz de hostilizar alguém demonstrando hostilidade, rivalidade ou agressividade; agressivo.Que se opõe a; contrário: hostil ao progresso.Que denota desaprovação, inimizade: palavras hostis.Característica natural de um rival; antagônico, opositor: colega hostil.Que se expressa violenta ou agressivamente: ele é hostil só sabe agredir.Qualidade da pessoa mal-humorada; antipático: empresa composta por colegas hostis.Etimologia (origem da palavra hostil). A palavra hostil tem sua origem no latim "hostilis,e" que significa inimigo.
 
Sinônimos:

agressivo, invasivo, ofensivo, adverso, avesso, contrário, antipático, desagradável, mal-humorado, inamistoso 

INFO:root:--------------------------------------------------
INFO:root:🔹 Title: Palavra de Ontem (09/10/2026) - Significado completo de amálgama:
INFO:root:🔹 URL: https://www.dicio.com.br/amalgama/
INFO:root:🔹 Description: Sinônimos:

agressivo, invasivo, ofensivo, adverso, avesso, contrário, antipático, desagradável, mal-humorado, inamistoso
 
Antônimos:

favorável, simpatizante, afável, gentil 

INFO:root:--------------------------------------------------
INFO:root:🔹 Title: Palavra de Anteontem (08/10/2026) - Significado completo de sorrir:
INFO:root:🔹 URL: https://www.dicio.com.br/sorrir/
INFO:root:🔹 Description: Antônimos:

favorável, simpatizante, afável, gentil
 Classe gramatical:adjetivo de dois gêneros
INFO:root:--------------------------------------------------
INFO:root:Checking files: atom.xml exists=True, feed.json exists=True
INFO:root:Fetching https://www.example.com/feed/ - Status Code: 404
INFO:root:Response length: 577 characters
WARNING:root:Failed to fetch content from https://www.example.com/feed/ - Status: 404
INFO:root:Checking files: atom.xml exists=True, feed.json exists=True
INFO:root:Fetching https://www.bibliaon.com/versiculo_do_dia/ - Status Code: 200
INFO:root:Response length: 397879 characters
INFO:root:HTML parsed, length: 386852 characters
INFO:root:Found 1 titles: ['Jeremias 31:3']
INFO:root:Found 1 URLs: ['/versiculo/jeremias_31_3/']
INFO:root:Found 1 descriptions: ['O Senhor lhe apareceu no passado,\ndizendo:\n"Eu a a']
INFO:root:Found 0 dates: []
INFO:root:Min length for iteration: 1
INFO:root:Processing entry 1: Title='Jeremias 31:3', ID=4386070607c395fc8b942f291ba7bd25
INFO:root:Processed 1 entries in FeedGenerator, 1 entries in output_data
INFO:root:Updated 'feeds/versículo_do_dia/atom.xml' with 1 entries.
INFO:root:Updated 'feeds/versículo_do_dia/feed.json' with 1 entries.
INFO:root:
📌 Last 3 entries:
INFO:root:🔹 Title: Jeremias 31:3
INFO:root:🔹 URL: https://www.bibliaon.com/versiculo/jeremias_31_3/
INFO:root:🔹 Description: O Senhor lhe apareceu no passado,
dizendo:
"Eu a amei com amor eterno;
com amor leal a atraí. Jeremias 31:3
INFO:root:--------------------------------------------------
INFO:root:Checking files: atom.xml exists=True, feed.json exists=True
INFO:root:Fetching https://www.bibliaon.com/salmo_do_dia/ - Status Code: 200
INFO:root:Response length: 392960 characters
INFO:root:HTML parsed, length: 383267 characters
INFO:root:Found 3 titles: ['Salmo 141', 'Salmo 61', 'Salmo 140']
INFO:root:Found 3 URLs: ['/salmos_141/', '/salmos_61/', '/salmos_140/']
INFO:root:Found 3 descriptions: ['Clamo a ti, Senhor; vem depressa!\nEscuta a minha v', 'Ouve o meu clamor, ó Deus;\natenta para a minha ora', 'Livra-me, Senhor, dos maus;\nprotege-me dos violent']
INFO:root:Found 3 dates: ['10 de Outubro de 2026', '9 de Outubro de 2026', '8 de Outubro de 2026']
INFO:root:Min length for iteration: 3
INFO:root:Processing entry 1: Title=' Salmo 141', ID=e2beea10b2b051294b0a6e62337fc7ac
INFO:root:Processing entry 2: Title=' Salmo 61', ID=8907dc595674fe740145a6a1962b1467
INFO:root:Processing entry 3: Title=' Salmo 140', ID=8a3e302037b1455d1236975728e68da3
INFO:root:Processed 3 entries in FeedGenerator, 3 entries in output_data
INFO:root:Updated 'feeds/salmo_do_dia/atom.xml' with 3 entries.
INFO:root:Updated 'feeds/salmo_do_dia/feed.json' with 3 entries.
INFO:root:
📌 Last 3 entries:
INFO:root:🔹 Title:  Salmo 141
INFO:root:🔹 URL: https://www.bibliaon.com/salmos_141/
INFO:root:🔹 Description: Clamo a ti, Senhor; vem depressa!
Escuta a minha voz quando clamo a ti. 
Seja a minha oração
como incenso diante de ti
e o levantar das minhas mãos
como a oferta da tarde. 
Coloca, Senhor,
uma guarda à minha boca;
vigia a porta de meus lábios. 
Não permitas que o meu coração
se volte para o mal
nem que eu me envolva em práticas perversas
com os malfeitores.
Que eu nunca participe dos seus banquetes! 
Fira-me o justo com amor leal
e me repreenda,
mas não perfume a minha cabeça
o óleo do ímpio,
pois a minha oração
é contra as práticas dos malfeitores. 
Quando eles caírem nas mãos da Rocha,
o juiz deles,
ouvirão as minhas palavras com apreço. 
Como a terra é arada e fendida,
assim foram espalhados os seus ossos
à entrada da sepultura. 
Mas os meus olhos estão fixos em ti,
ó Soberano Senhor;
em ti me refugio;
não me entregues à morte. 
Guarda-me das armadilhas
que prepararam contra mim,
das ciladas dos que praticam o mal. 
Caiam os ímpios em sua própria rede,
enquanto eu escapo ileso. 
 Salmo 141
INFO:root:--------------------------------------------------
INFO:root:🔹 Title:  Salmo 61
INFO:root:🔹 URL: https://www.bibliaon.com/salmos_61/
INFO:root:🔹 Description: Ouve o meu clamor, ó Deus;
atenta para a minha oração. 
Desde os confins da terra eu clamo a ti
com o coração abatido;
põe-me a salvo na rocha mais alta do que eu. 
Pois tu tens sido o meu refúgio,
uma torre forte contra o inimigo. 
Para sempre anseio habitar na tua tenda
e refugiar-me no abrigo das tuas asas. 
Pois ouviste os meus votos, ó Deus;
deste-me a herança que concedes
aos que temem o teu nome. 
Prolonga os dias do rei,
por muitas gerações os seus anos de vida. 
Para sempre esteja ele em seu trono,
diante de Deus;
envia o teu amor e a tua fidelidade
para protegê-lo. 
Então sempre cantarei louvores ao teu nome,
cumprindo os meus votos cada dia. 
 Salmo 61
INFO:root:--------------------------------------------------
INFO:root:🔹 Title:  Salmo 140
INFO:root:🔹 URL: https://www.bibliaon.com/salmos_140/
INFO:root:🔹 Description: Livra-me, Senhor, dos maus;
protege-me dos violentos, 
que no coração tramam planos perversos
e estão sempre provocando guerra. 
Afiam a língua como a da serpente;
veneno de víbora está em seus lábios. 
Protege-me, Senhor, das mãos dos ímpios;
protege-me dos violentos,
que pretendem fazer-me tropeçar. 
Homens arrogantes prepararam
armadilhas contra mim,
perversos estenderam as suas redes;
no meu caminho armaram ciladas contra mim. 
Eu declaro ao Senhor: Tu és o meu Deus.
Ouve, Senhor, a minha súplica! 
Ó Soberano Senhor, meu salvador poderoso,
tu me proteges a cabeça no dia da batalha; 
não atendas aos desejos dos ímpios, Senhor!
Não permitas que os planos deles
tenham sucesso,
para que não se orgulhem. 
Recaia sobre a cabeça dos que me cercam
a maldade que os seus lábios proferiram. 
Caiam brasas sobre eles,
e sejam lançados ao fogo,
em covas das quais jamais possam sair. 
Que os difamadores
não se estabeleçam na terra,
que a desgraça persiga os violentos até a morte. 
Sei que o Senhor defenderá
a causa do necessitado
e fará justiça aos pobres. 
Com certeza os justos darão graças
ao teu nome,
e os homens íntegros viverão na tua presença. 
 Salmo 140
INFO:root:--------------------------------------------------
INFO:root:Checking files: atom.xml exists=True, feed.json exists=True
INFO:root:Fetching https://www.bibliaon.com/palavra_do_dia/ - Status Code: 200
INFO:root:Response length: 400682 characters
INFO:root:HTML parsed, length: 390126 characters
INFO:root:Found 3 titles: ['Maravilhosas heranças do Senhor', 'Aprendendo a ouvir', 'Deus não desperdiça lágrimas']
INFO:root:Found 3 URLs: [None, None, None]
INFO:root:Found 3 descriptions: ['Senhor, tu és a minha porção e o meu cálice; és tu', 'Meus amados irmãos, tenham isto em mente: Sejam to', 'Registraste o meu lamento; recolheste as minhas lá']
INFO:root:Found 1 dates: ['Sábado, 10 de outubro de 2026']
INFO:root:Min length for iteration: 1
INFO:root:Processing entry 1: Title='Maravilhosas heranças do Senhor', ID=fc3cfb82f9c7d8ffa4ddf018ac715599
INFO:root:Processed 1 entries in FeedGenerator, 1 entries in output_data
INFO:root:Updated 'feeds/palavra_biblica_do_dia/atom.xml' with 1 entries.
INFO:root:Updated 'feeds/palavra_biblica_do_dia/feed.json' with 1 entries.
INFO:root:
📌 Last 3 entries:
INFO:root:🔹 Title: Maravilhosas heranças do Senhor - Palavra de Hoje
INFO:root:🔹 URL: https://www.bibliaon.com/palavra_do_dia/
INFO:root:🔹 Description: Senhor, tu és a minha porção e o meu cálice; és tu que garantes o meu futuro. As divisas caíram em lugares agradáveis para mim; tenho uma bela herança.
Salmos 16:5-6

Enquanto as antigas tribos de Israel recebiam valiosos lotes de terra, os sacerdotes recebiam o próprio Deus como a sua porção exclusiva. O salmista apropria-se imediatamente dessa verdade milenar para declarar que a maior riqueza humana não consiste em imensas propriedades financeiras ou conquistas terrenas passageiras. Ter o Senhor como herança diária significa viver com a alma saciada e o futuro absolutamente garantido por mãos soberanas. Quando a presença divina é o nosso tesouro supremo, qualquer circunstância se torna agradável, pois a paz verdadeira flui do Criador, não das posses temporárias.

Dando graças ao Pai, que nos tornou dignos de participar da herança dos santos no reino da luz.
Colossenses 1:12

A nossa natureza decaída nos colocava em extrema miséria espiritual, completamente destituídos de méritos para reivindicar as sagradas bênçãos celestiais. Habitávamos perdidos na escuridão profunda da nossa ignorância. Contudo, o milagre do evangelho alterou radicalmente o nosso status. Através da obra redentora do Seu Filho, o Pai nos resgatou e, por pura graça imerecida, nos qualificou legalmente como coerdeiros. A nossa gratidão deve transbordar ao lembrarmos que não conquistamos essa riqueza por esforço moral, mas fomos declarados dignos pelo sangue de Jesus para desfrutar da luz.

Ele nos gerou de novo para uma esperança viva, e para uma herança que jamais poderá perecer, macular-se ou perder o seu valor. Herança guardada nos céus para vocês.
1 Pedro 1:3-4

Tudo o que construímos e acumulamos nesta terra está sujeito à corrupção. As fortunas evaporam, a ferrugem consome e as crises corroem o patrimônio. Em absoluto contraste com essa assustadora fragilidade mundana, o apóstolo Pedro nos aponta corajosamente para uma imensa herança viva. O nosso legado definitivo não é terreno; ele é incorruptível, imaculado e imperecível. Blindada contra injustiças e tragédias do tempo, essa herança permanece em absoluta segurança, guardada pelo próprio Deus. Essa certeza eterna nos liberta da ganância paralisante e enche os nossos corações de genuína alegria peregrina. Saciados pela presença contínua do Criador, justificados graciosamente para habitarmos na luz e aguardando um tesouro inviolável guardado nos céus: a nossa alma descansa na grandiosa e eterna herança que o nosso amoroso Senhor nos garantiu e preparou com zelo.
 
Senhor, tu és a minha porção e o meu cálice; és tu que garantes o meu futuro. As divisas caíram em lugares agradáveis para mim; tenho uma bela herança.
Salmos 16:5-6

INFO:root:--------------------------------------------------
INFO:root:Checking files: atom.xml exists=True, feed.json exists=True
INFO:root:Fetching https://www.bibliaon.com/devocional_diario/ - Status Code: 200
INFO:root:Response length: 411912 characters
INFO:root:HTML parsed, length: 400923 characters
INFO:root:Found 3 titles: ['O poder da cura na comunhão', 'A provisão que vem de Deus', 'O alívio para o fardo do cansaço']
INFO:root:Found 0 URLs: []
INFO:root:Found 3 descriptions: ['Portanto, confessem os seus pecados uns aos outros', 'O meu Deus suprirá todas as necessidades de vocês,', 'Entregue suas preocupações ao Senhor, e ele o sust']
INFO:root:Found 3 dates: ['OUTUBRO\n\n10\nSÁBADO', 'OUTUBRO\n\n9\nSEXTA', 'OUTUBRO\n\n8\nQUINTA']
INFO:root:Min length for iteration: 3
INFO:root:Processing entry 1: Title='O poder da cura na comunhão', ID=0218a5cd789296966e7b6b54c18129ce
INFO:root:Processing entry 2: Title='A provisão que vem de Deus', ID=01bbe083fac697e89bd13612a764bd6c
INFO:root:Processing entry 3: Title='O alívio para o fardo do cansaço', ID=fd26839c75746f1e131f52fd33494e53
INFO:root:Processed 3 entries in FeedGenerator, 3 entries in output_data
INFO:root:Updated 'feeds/devocional_de_hoje/atom.xml' with 3 entries.
INFO:root:Updated 'feeds/devocional_de_hoje/feed.json' with 3 entries.
INFO:root:
📌 Last 3 entries:
INFO:root:🔹 Title: O poder da cura na comunhão
INFO:root:🔹 URL: https://www.bibliaon.com/devocional_diario/
INFO:root:🔹 Description: Portanto, confessem os seus pecados uns aos outros e orem uns pelos outros para serem curados. A oração de um justo é poderosa e eficaz.
Tiago 5:16

A doença e a fragilidade frequentemente nos empurram para o isolamento. Quando o corpo enfraquece ou a alma adoece, a nossa tendência natural é nos escondermos atrás de máscaras de autossuficiência, tentando enfrentar a dor e a vulnerabilidade sozinhos por medo do julgamento ou por puro orgulho.
No entanto, Tiago nos apresenta um caminho de restauração que contraria o nosso instinto de isolamento. Ele conecta profundamente a nossa cura física, emocional e espiritual à prática da vulnerabilidade mútua dentro da comunidade de fé. A instrução é clara: não fomos criados para carregar os nossos fardos em segredo.
Confessar as nossas fraquezas e orar uns pelos outros quebra o poder do orgulho e destrói as fortalezas do medo. Quando tiramos a nossa dor das sombras e a trazemos para a luz da comunhão, abrimos espaço para que a graça de Deus flua livremente através do corpo de Cristo. A cura muitas vezes começa no exato momento em que admitimos que precisamos de ajuda.
A oração feita por um irmão não é um mero ritual de consolo, mas uma arma espiritual poderosa e extremamente eficaz. Não lute sozinho contra a sua doença ou fragilidade. Permita-se ser amparado pela fé e pela intercessão daqueles que o amam, pois o Senhor age com poder quando o Seu povo se une em oração e verdade.
Pratique a comunhão hoje, onde você está

Abandone o orgulho e compartilhe uma luta ou enfermidade com um irmão de confiança, pedindo que ele ore ativamente por você.
Seja o canal de cura para alguém: envie uma mensagem ou ligue para uma pessoa doente e faça uma oração sincera por ela.
Peça perdão a Deus se você tem tentado carregar os seus fardos sozinho, rejeitando o apoio vital da sua comunidade espiritual.
Releia Tiago 5:13-16 e fortaleça a sua fé na promessa inabalável de que a oração perseverante move o coração de Deus.

Para orar

Senhor, confesso que muitas vezes o orgulho e o medo me fazem esconder as minhas dores e fraquezas. Perdoa-me por tentar lutar sozinho quando o Senhor me deu uma família espiritual para me apoiar. Dá-me coragem para ser vulnerável e humildade para pedir oração. Usa também a minha vida e a minha voz para interceder pela cura dos meus irmãos. Em nome de Jesus, amém.
INFO:root:--------------------------------------------------
INFO:root:🔹 Title: A provisão que vem de Deus
INFO:root:🔹 URL: https://www.bibliaon.com/devocional_diario/
INFO:root:🔹 Description: O meu Deus suprirá todas as necessidades de vocês, de acordo com as suas gloriosas riquezas em Cristo Jesus.
Filipenses 4:19

As questões financeiras costumam ser uma das maiores fontes de ansiedade e desespero. O medo da escassez, as contas acumuladas e a incerteza constante sobre o futuro econômico frequentemente roubam a nossa paz, fazendo com que o nosso coração coloque toda a sua segurança no próprio esforço ou no saldo de uma conta bancária.
O apóstolo Paulo escreveu esta poderosa promessa para uma igreja que havia sido extremamente generosa com ele em momentos difíceis. Ele não promete uma vida de ostentação, luxos ilimitados ou a ausência de lutas econômicas, mas garante algo muito mais sólido e seguro: o nosso sustento diário flui de uma fonte que nunca seca.
A verdadeira segurança financeira não é alcançada apenas com planejamento, embora a organização e a sabedoria sejam essenciais. A paz real reside na confiança absoluta de que o Deus a quem servimos conhece cada uma das nossas necessidades e possui riquezas gloriosas. Quando honramos o Senhor com o que temos, o medo da falta cede lugar à fé na sua provisão perfeita.
Você não está lutando sozinho para garantir o seu amanhã. Deus é o seu grande provedor. Faça a sua parte com dedicação e integridade, seja sábio com os seus recursos e descanse o seu coração ansioso na certeza de que Ele jamais desampara os seus filhos.
Pratique a confiança financeira hoje, onde você está

Faça um levantamento honesto das suas finanças hoje, agradecendo a Deus pelo que você já tem antes de pedir por mais.
Identifique um gasto por impulso que você pode cortar esta semana, administrando com mais sabedoria os recursos divinos.
Exerça a generosidade de forma prática: abençoe alguém hoje, seja com uma oferta, um alimento ou um tempo precioso.
Releia Filipenses 4:10-20 e medite sobre como a fidelidade e a gratidão abrem as portas para a paz em meio às pressões financeiras.

Para orar

Senhor, confesso que as pressões financeiras muitas vezes esmagam a minha fé e me fazem duvidar do teu cuidado constante. Perdoa-me por colocar a minha confiança no dinheiro e não em ti, que és a minha verdadeira fonte. Ensina-me a ser um administrador fiel, sábio e generoso, e ajuda-me a descansar na promessa de que tu suprirás todas as minhas necessidades. Em nome de Jesus, amém.
INFO:root:--------------------------------------------------
INFO:root:🔹 Title: O alívio para o fardo do cansaço
INFO:root:🔹 URL: https://www.bibliaon.com/devocional_diario/
INFO:root:🔹 Description: Entregue suas preocupações ao Senhor, e ele o susterá; jamais permitirá que o justo venha a cair.
Salmos 55:22

O cansaço que enfrentamos muitas vezes transcende o mero esgotamento físico após um longo e desafiador dia de trabalho; trata-se de uma exaustão profunda da alma, gerada pelo acúmulo esmagador de responsabilidades inadiáveis, ansiedades implacáveis e o peso constante das preocupações diárias. Quando tentamos carregar sozinhos o controle absoluto sobre o nosso futuro, a nossa família e os nossos problemas mais complexos, os nossos ombros rapidamente cedem sob uma carga emocional que jamais fomos projetados para suportar. Esse cansaço crônico embaça a nossa visão espiritual, rouba a nossa alegria natural e nos faz caminhar pela vida com a terrível sensação sufocante de estarmos sempre à beira de um colapso iminente.
Davi, o autor deste salmo inspirador, conhecia intimamente a angústia desesperadora de se sentir encurralado, traído e exausto pelas severas batalhas da vida. A sua resposta divina diante desse esgotamento, no entanto, é um convite radical à total e irrestrita rendição de controle. A ordem imperativa para "entregar" as nossas preocupações não é uma sugestão passiva e reconfortante, mas um verbo de ação vigorosa que exige intencionalidade prática. Significa literalmente pegar o fardo incrivelmente pesado que está esmagando o nosso peito e transferi-lo de forma consciente, deliberada e definitiva para as mãos onipotentes do Senhor. É reconhecer com profunda humildade que a nossa força humana tem limites inegociáveis e que insistir em carregar o mundo inteiro nas costas é um ato de orgulho disfarçado de extrema responsabilidade.
A promessa inabalável que acompanha essa entrega absoluta é de um conforto indescritível e altamente restaurador. O Senhor não promete, necessariamente, que todos os obstáculos e problemas desaparecerão em um passe de mágica no exato instante em que orarmos, mas Ele garante irrefutavelmente que nos susterá no meio da tempestade violenta. Sustentar significa fornecer o suporte exato, a força física e mental renovada, e o equilíbrio perfeito para que não desmoronemos sob a brutal pressão das circunstâncias terrenas. Quando trocamos o nosso cansaço esgotante pela confiança ativa no cuidado soberano de Deus, descobrimos uma resistência sobrenatural maravilhosa que não provém do nosso próprio e frágil interior, mas flui diretamente da graça inesgotável do nosso amoroso Pai celestial.
O convite da Palavra de Deus é um chamado contínuo e urgente para o descanso autêntico, profundo e duradouro da alma. Pare imediatamente de tentar gerenciar sozinho o peso insuportável dos seus medos irreais, das suas falhas passadas e das suas incertezas cruéis quanto ao incerto dia de amanhã. O Deus que sustenta a complexidade imensa de todo o universo pela palavra do seu poder certamente é capaz de sustentar a sua vida frágil com braços fortes, cuidadosos e infinitamente amorosos. Entregue hoje mesmo os seus fardos pesados aos pés do Senhor e permita que a paz divina renove integralmente as suas energias, fortaleça os seus passos trôpegos e restaure a sua esperança de forma abundante e libertadora.
Pratique o descanso hoje, onde você está

Faça uma lista física detalhada ou mental de todas as preocupações reais que estão causando esse cansaço extremo e, em oração intencional, entregue cada item nominalmente ao Senhor.
Imponha limites saudáveis e rigorosos à sua rotina implacável: ouse dizer um "não" gentil para demandas que não são urgentes e priorize o seu descanso físico, que também é uma ordem divina.
Durante os momentos críticos em que a exaustão emocional tentar paralisá-lo, feche os olhos por alguns instantes, respire profundamente e declare em voz audível e firme: "O Senhor é o meu verdadeiro sustento".
Releia o Salmo 55 na sua totalidade, prestando atenção especial às aflições descritas por Davi, e medite na fidelidade inabalável de Deus em proteger e fortalecer aqueles que confiam inteiramente no seu cuidado constante.

Para orar

Senhor, confesso com sinceridade que tenho andado excessivamente cansado, arrastando o peso insuportável das minhas ansiedades, medos e tentativas frustradas de controlar o meu próprio destino e das pessoas que amo. Perdoa-me pelo orgulho sutil de tentar resolver tudo com a minha força limitada e exausta, ignorando o convite gracioso para descansar em ti. Ensina-me de forma prática a transferir e entregar genuinamente cada uma das minhas preocupações pesadas às tuas mãos infinitamente poderosas. Sustenta-me neste dia de grande exaustão, renova completamente as minhas energias físicas, mentais e emocionais, e não permitas de forma alguma que as aflições deste mundo me façam cair. Em nome de Jesus, amém.
INFO:root:--------------------------------------------------
INFO:root:Checking files: atom.xml exists=True, feed.json exists=True
INFO:root:Fetching https://pt.wikipedia.org/wiki/Wikipédia:Página_principal - Status Code: 403
INFO:root:Response length: 126 characters
WARNING:root:Failed to fetch content from https://pt.wikipedia.org/wiki/Wikipédia:Página_principal - Status: 403
INFO:root:Checking files: atom.xml exists=True, feed.json exists=True
INFO:root:Fetching https://pt.wikipedia.org/wiki/Wikipédia:Página_principal - Status Code: 403
INFO:root:Response length: 126 characters
WARNING:root:Failed to fetch content from https://pt.wikipedia.org/wiki/Wikipédia:Página_principal - Status: 403
INFO:root:Checking files: atom.xml exists=True, feed.json exists=True
INFO:root:Fetching https://pt.wikipedia.org/wiki/Wikipédia:Página_principal - Status Code: 403
INFO:root:Response length: 126 characters
WARNING:root:Failed to fetch content from https://pt.wikipedia.org/wiki/Wikipédia:Página_principal - Status: 403
INFO:root:Git identity configured.
INFO:root:
📝 Git Changes Detected:
INFO:root: M feeds/devocional_de_hoje/atom.xml
 M feeds/devocional_de_hoje/feed.json
 M feeds/palavra_biblica_do_dia/atom.xml
 M feeds/palavra_biblica_do_dia/feed.json
 M feeds/palavra_do_dia/atom.xml
 M feeds/palavra_do_dia/feed.json
 M feeds/salmo_do_dia/atom.xml
 M feeds/salmo_do_dia/feed.json
 M "feeds/vers\303\255culo_do_dia/atom.xml"
 M "feeds/vers\303\255culo_do_dia/feed.json"
 M output.log
?? __pycache__/
INFO:root:
🔍 Summary:
INFO:root: feeds/devocional_de_hoje/atom.xml         |  37 +--
 feeds/devocional_de_hoje/feed.json        |  12 +-
 feeds/palavra_biblica_do_dia/atom.xml     |  28 ++-
 feeds/palavra_biblica_do_dia/feed.json    |   6 +-
 feeds/palavra_do_dia/atom.xml             |  16 +-
 feeds/palavra_do_dia/feed.json            |  24 +-
 feeds/salmo_do_dia/atom.xml               | 169 ++++----------
 feeds/salmo_do_dia/feed.json              |  12 +-
 "feeds/vers\303\255culo_do_dia/atom.xml"  |   5 +-
 "feeds/vers\303\255culo_do_dia/feed.json" |   8 +-
 output.log                                | 359 +++++++++++-------------------
 11 files changed, 247 insertions(+), 429 deletions(-)
